devx@master:~/celebalARISElab/minikube$ kubectl get pods 
No resources found in default namespace.
devx@master:~/celebalARISElab/minikube$ kubectl get node
NAME       STATUS   ROLES           AGE     VERSION
minikube   Ready    control-plane   3d23h   v1.28.3
devx@master:~/celebalARISElab/minikube$ kubectl get nodes
NAME       STATUS   ROLES           AGE     VERSION
minikube   Ready    control-plane   3d23h   v1.28.3
_______________________________________________________________

docker pull rajneeshmahala/containeripkube:41


devx@master:~/celebalARISElab/minikube$ kubectl run sshlab --image rajneeshmahala/containeripkube:41
pod/sshlab created
devx@master:~/celebalARISElab/minikube$ kubectl get pods 
NAME     READY   STATUS              RESTARTS   AGE
sshlab   0/1     ContainerCreating   0          8s
devx@master:~/celebalARISElab/minikube$ kubectl get pods 
NAME     READY   STATUS    RESTARTS   AGE
sshlab   1/1     Running   0          33s
devx@master:~/celebalARISElab/minikube$ kubectl delete pod sshlab
pod "sshlab" deleted

devx@master:~/celebalARISElab/minikube$ 
devx@master:~/celebalARISElab/minikube$ kubectl get pods 
No resources found in default namespace.


devx@master:~/celebalARISElab/minikube$ kubectl create deployment sshlabdeploymentpod --image rajneeshmahala/containeripkube:41
deployment.apps/sshlabdeploymentpod created
devx@master:~/celebalARISElab/minikube$ kubectl get dp
error: the server doesn't have a resource type "dp"
devx@master:~/celebalARISElab/minikube$ kubectl get deploy
NAME                  READY   UP-TO-DATE   AVAILABLE   AGE
sshlabdeploymentpod   1/1     1            1           18s
devx@master:~/celebalARISElab/minikube$ kubectl delete pod sshlab
Error from server (NotFound): pods "sshlab" not found
devx@master:~/celebalARISElab/minikube$ kubectl get pods
NAME                                  READY   STATUS    RESTARTS   AGE
sshlabdeploymentpod-659fbdccb-zlxsg   1/1     Running   0          55s
devx@master:~/celebalARISElab/minikube$ kubectl delete pod sshlabdeploymentpod-659fbdccb-zlxsg 
pod "sshlabdeploymentpod-659fbdccb-zlxsg" deleted
devx@master:~/celebalARISElab/minikube$ kubectl get pods
NAME                                  READY   STATUS    RESTARTS   AGE
sshlabdeploymentpod-659fbdccb-slq2c   1/1     Running   0          35s

devx@master:~/celebalARISElab/minikube$ kubectl describe pods
Name:             sshlabdeploymentpod-659fbdccb-slq2c
Namespace:        default
Priority:         0
Service Account:  default
Node:             minikube/192.168.49.2
Start Time:       Sat, 24 Feb 2024 06:25:01 +0000
Labels:           app=sshlabdeploymentpod
                  pod-template-hash=659fbdccb
Annotations:      <none>
Status:           Running
IP:               10.244.0.6
IPs:
  IP:           10.244.0.6
Controlled By:  ReplicaSet/sshlabdeploymentpod-659fbdccb
Containers:
  containeripkube:
    Container ID:   docker://e38f90b3c12c398aab0c41429be854c8a482c274f570fb6520e52952459ad39f
    Image:          rajneeshmahala/containeripkube:41
    Image ID:       docker-pullable://rajneeshmahala/containeripkube@sha256:0ceed6ec4a0c2d8263126b84b7e9d42d5c39d747698a10b26644071f27aff69b
    Port:           <none>
    Host Port:      <none>
    State:          Running
      Started:      Sat, 24 Feb 2024 06:25:02 +0000
    Ready:          True
    Restart Count:  0
    Environment:    <none>
    Mounts:
      /var/run/secrets/kubernetes.io/serviceaccount from kube-api-access-fc246 (ro)
Conditions:
  Type              Status
  Initialized       True 
  Ready             True 
  ContainersReady   True 
  PodScheduled      True 
Volumes:
  kube-api-access-fc246:
    Type:                    Projected (a volume that contains injected data from multiple sources)
    TokenExpirationSeconds:  3607
    ConfigMapName:           kube-root-ca.crt
    ConfigMapOptional:       <nil>
    DownwardAPI:             true
QoS Class:                   BestEffort
Node-Selectors:              <none>
Tolerations:                 node.kubernetes.io/not-ready:NoExecute op=Exists for 300s
                             node.kubernetes.io/unreachable:NoExecute op=Exists for 300s
Events:
  Type    Reason     Age    From               Message
  ----    ------     ----   ----               -------
  Normal  Scheduled  2m57s  default-scheduler  Successfully assigned default/sshlabdeploymentpod-659fbdccb-slq2c to minikube
  Normal  Pulled     2m57s  kubelet            Container image "rajneeshmahala/containeripkube:41" already present on machine
  Normal  Created    2m57s  kubelet            Created container containeripkube
  Normal  Started    2m57s  kubelet            Started container containeripkube

devx@master:~/celebalARISElab/minikube$ kubectl get deployments 
NAME                  READY   UP-TO-DATE   AVAILABLE   AGE
sshlabdeploymentpod   1/1     1            1           5m56s
devx@master:~/celebalARISElab/minikube$ kubectl get deploy
NAME                  READY   UP-TO-DATE   AVAILABLE   AGE
sshlabdeploymentpod   1/1     1            1           6m

devx@master:~/celebalARISElab/minikube$ kubectl get pods
NAME                                  READY   STATUS    RESTARTS   AGE
sshlabdeploymentpod-659fbdccb-slq2c   1/1     Running   0          6m4s
devx@master:~/celebalARISElab/minikube$ kubectl expose deployment sshlabdeploymentpod-659fbdccb-slq2c --port=80 --type=nodeport
Error from server (NotFound): deployments.apps "sshlabdeploymentpod-659fbdccb-slq2c" not found
devx@master:~/celebalARISElab/minikube$ kubectl expose deployment sshlabdeploymentpod  --port=80 --type=nodeport
The Service "sshlabdeploymentpod" is invalid: spec.type: Unsupported value: "nodeport": supported values: "ClusterIP", "ExternalName", "LoadBalancer", "NodePort"
devx@master:~/celebalARISElab/minikube$ kubectl expose deployment sshlabdeploymentpod  --port=80 --type=NodePort
service/sshlabdeploymentpod exposed
devx@master:~/celebalARISElab/minikube$ 
devx@master:~/celebalARISElab/minikube$ minikube service sshlabdeploymentpod   --url
http://192.168.49.2:31677
devx@master:~/celebalARISElab/minikube$ su
su          sudo        sudoedit    sudoreplay  sulogin     sum         suspend     
devx@master:~/celebalARISElab/minikube$ su
su          sudo        sudoedit    sudoreplay  sulogin     sum         suspend     
devx@master:~/celebalARISElab/minikube$ su
su          sudo        sudoedit    sudoreplay  sulogin     sum         suspend     
devx@master:~/celebalARISElab/minikube$ sw
swaplabel    swapoff      swapon       switch_root  
devx@master:~/celebalARISElab/minikube$ sw
swaplabel    swapoff      swapon       switch_root  
devx@master:~/celebalARISElab/minikube$ sf
sfdisk  sftp    
devx@master:~/celebalARISElab/minikube$ sw
swaplabel    swapoff      swapon       switch_root  
devx@master:~/celebalARISElab/minikube$ ufw 
--dry-run  --help     app        delete     disable    insert     logging    reload     route      status     
--force    allow      default    deny       enable     limit      reject     reset      show       version    
devx@master:~/celebalARISElab/minikube$ ufw 
--dry-run  --help     app        delete     disable    insert     logging    reload     route      status     
--force    allow      default    deny       enable     limit      reject     reset      show       version    
devx@master:~/celebalARISElab/minikube$ ufw disable 
ERROR: You need to be root to run this script
devx@master:~/celebalARISElab/minikube$ sudo !!
sudo ufw disable 
Firewall stopped and disabled on system startup
devx@master:~/celebalARISElab/minikube$ curl http://192.168.49.2:31677
eth0: flags=4163<UP,BROADCAST,RUNNING,MULTICAST>  mtu 1500
        inet 172.17.0.3  netmask 255.255.0.0  broadcast 172.17.255.255
        ether 02:42:ac:11:00:03  txqueuelen 0  (Ethernet)
        RX packets 1  bytes 90 (90.0 B)
        RX errors 0  dropped 0  overruns 0  frame 0
        TX packets 0  bytes 0 (0.0 B)
        TX errors 0  dropped 0 overruns 0  carrier 0  collisions 0

lo: flags=73<UP,LOOPBACK,RUNNING>  mtu 65536
        inet 127.0.0.1  netmask 255.0.0.0
        loop  txqueuelen 1000  (Local Loopback)
        RX packets 0  bytes 0 (0.0 B)
        RX errors 0  dropped 0  overruns 0  frame 0
        TX packets 0  bytes 0 (0.0 B)
        TX errors 0  dropped 0 overruns 0  carrier 0  collisions 0

devx@master:~/celebalARISElab/minikube$ kubectl delete all -all 
error: unknown shorthand flag: 'a' in -all
See 'kubectl delete --help' for usage.
devx@master:~/celebalARISElab/minikube$ kubectl delete all 
error: resource(s) were provided, but no name was specified
devx@master:~/celebalARISElab/minikube$ kubectl delete all --all
pod "sshlabdeploymentpod-659fbdccb-slq2c" deleted
service "kubernetes" deleted
service "sshlabdeploymentpod" deleted
deployment.apps "sshlabdeploymentpod" deleted